  suite
    sub-suite
      âœ“ description 0 (ms)

  1 passing 1(ms)
