  1) a

  0 passing
  1 failing

  1) a:

      Timed out in 5000ms.
